
> yunshan-voxel-studio@0.1.0 produce:atlas
> tsx scripts/produce-reference-atlas.ts --sheets=M011

M011/1 LIFE-180: 124655 cells, 6 parts, 1 components, 4646 ms
M011/2 LIFE-181: 216149 cells, 5 parts, 1 components, 6196 ms
M011/3 LIFE-182: 124995 cells, 6 parts, 1 components, 4569 ms
M011/4 LIFE-183: 307749 cells, 6 parts, 2 components, 8984 ms
M011/5 LIFE-184: 115790 cells, 6 parts, 1 components, 3226 ms
M011/6 LIFE-185: 57986 cells, 5 parts, 1 components, 1709 ms
M011/7 LIFE-186: 94322 cells, 6 parts, 1 components, 1788 ms
M011/8 LIFE-187: 203143 cells, 7 parts, 1 components, 3749 ms
M011/9 LIFE-188: 110443 cells, 6 parts, 1 components, 1824 ms
M011/10 LIFE-189: 928956 cells, 6 parts, 1 components, 14908 ms
M011/11 LIFE-190: 142806 cells, 6 parts, 1 components, 2262 ms
M011/12 LIFE-191: 270117 cells, 8 parts, 1 components, 4366 ms
{
  "run": "atlas-20261003081509",
  "createdAt": "2026-10-03T08:15:10.017Z",
  "environment": {
    "cpu": "Apple M3 Pro",
    "memoryBytes": 19327352832,
    "os": "27.2.0",
    "node": "v24.19.0"
  },
  "counts": {
    "references": 793,
    "rebuiltThisRun": 12,
    "newCatalogIds": 0,
    "referenceCandidates": 132,
    "pendingReference": 661,
    "accepted": 0,
    "nativeDocuments": 13
  },
  "elapsedMs": 58776.062000000005,
  "nativeVoxels": 2697111,
  "triangles": 99070,
  "glbBoundsMaxErrorM": 1.0490417468034252e-7,
  "out": "/Users/stars/Downloads/云山/voxel-studio/projects/production/atlas-20261003081509",
  "evidence": "/Users/stars/Downloads/云山/voxel-studio/artifacts/atlas/atlas-20261003081509"
}
