{"tool":"check_geometry","ms":16904.945167,"error":false}
{"tool":"query_voxels","ms":17.30949999999939,"error":false}
{"tool":"query_voxels","ms":16.282500000001164,"error":false}
{"tool":"query_voxels","ms":15.805459000002884,"error":false}
{"tool":"query_voxels","ms":14.876624999997148,"error":false}
{"tool":"edit_transaction","ms":1026.8585419999981,"error":false}
{"tool":"edit_transaction","ms":2082.052667,"error":false}
{"tool":"edit_transaction","ms":7.048291999999492,"error":false}
{"tool":"edit_transaction","ms":5.276375000001281,"error":true}
{"tool":"edit_transaction","ms":516.6431249999987,"error":true}
{"tool":"edit_transaction","ms":1839.898749999993,"error":false}
{"tool":"edit_transaction","ms":1418.845583000002,"error":false}
{"tool":"edit_transaction","ms":1637.468166999999,"error":false}
{"tool":"edit_transaction","ms":1193.0944170000002,"error":false}
{"tool":"load_project","ms":166.8845829999991,"error":false}
{"tool":"edit_transaction","ms":3790.0981669999965,"error":false}
{"tool":"edit_transaction","ms":4169.185832999996,"error":false}
{"tool":"check_geometry","ms":14826.964333999997,"error":false}
{"tool":"edit_transaction","ms":225.5118749999965,"error":true}
{"tool":"export_project","ms":8370.606832999998,"error":false}
{"tool":"generate_previews","ms":10081.700459,"error":false}
{"tool":"save_project","ms":64.42858399999386,"error":false}
{"status":"passed","checks":6,"out":"/Users/stars/Downloads/云山/voxel-studio/artifacts/atlas/atlas-20261003104805"}
