
> yunshan-voxel-studio@0.1.0 produce:atlas
> tsx scripts/produce-reference-atlas.ts --sheets=M013

M013/1 BUILT-008: 180942 cells, 6 parts, 1 components, 8182 ms
M013/2 BUILT-009: 192078 cells, 5 parts, 1 components, 6704 ms
M013/3 BUILT-010: 78500 cells, 5 parts, 1 components, 2504 ms
M013/4 BUILT-011: 600131 cells, 7 parts, 1 components, 25116 ms
M013/5 BUILT-012: 110144 cells, 5 parts, 1 components, 4580 ms
M013/6 BUILT-013: 14863 cells, 5 parts, 1 components, 576 ms
M013/7 BUILT-014: 988431 cells, 6 parts, 1 components, 28201 ms
M013/8 BUILT-015: 325095 cells, 7 parts, 1 components, 6383 ms
M013/9 BUILT-016: 296180 cells, 7 parts, 1 components, 5347 ms
M013/10 BUILT-017: 786083 cells, 5 parts, 1 components, 13974 ms
M013/11 BUILT-018: 490292 cells, 6 parts, 1 components, 8052 ms
M013/12 BUILT-045: 49354 cells, 5 parts, 1 components, 758 ms
{
  "run": "atlas-20261003104805",
  "createdAt": "2026-10-03T10:48:05.621Z",
  "environment": {
    "cpu": "Apple M3 Pro",
    "memoryBytes": 19327352832,
    "os": "27.2.0",
    "node": "v24.19.0"
  },
  "counts": {
    "references": 793,
    "rebuiltThisRun": 12,
    "newCatalogIds": 0,
    "referenceCandidates": 156,
    "pendingReference": 637,
    "accepted": 0,
    "nativeDocuments": 13
  },
  "elapsedMs": 111235.836375,
  "nativeVoxels": 4112093,
  "triangles": 82372,
  "glbBoundsMaxErrorM": 1.9073486257070726e-7,
  "out": "/Users/stars/Downloads/云山/voxel-studio/projects/production/atlas-20261003104805",
  "evidence": "/Users/stars/Downloads/云山/voxel-studio/artifacts/atlas/atlas-20261003104805"
}
