{"tool":"check_geometry","ms":5081.426583999999,"error":false}
{"tool":"query_voxels","ms":28.76745800000026,"error":false}
{"tool":"query_voxels","ms":26.064374999999927,"error":false}
{"tool":"query_voxels","ms":25.012541000000056,"error":false}
{"tool":"query_voxels","ms":24.37683300000026,"error":false}
{"tool":"query_voxels","ms":24.23054200000115,"error":false}
{"tool":"edit_transaction","ms":555.1287909999992,"error":false}
{"tool":"edit_transaction","ms":1083.4546659999996,"error":false}
{"tool":"edit_transaction","ms":18.3493750000016,"error":false}
{"tool":"edit_transaction","ms":6.989082999996754,"error":true}
{"tool":"edit_transaction","ms":287.6072090000016,"error":true}
{"tool":"edit_transaction","ms":979.9348339999997,"error":false}
{"tool":"load_project","ms":58.75954100000308,"error":false}
{"tool":"edit_transaction","ms":394.4179589999985,"error":false}
{"tool":"edit_transaction","ms":404.8706659999989,"error":false}
{"tool":"check_geometry","ms":1096.2024999999994,"error":false}
{"tool":"export_project","ms":922.2432079999999,"error":false}
{"tool":"generate_previews","ms":3625.6121249999997,"error":false}
{"tool":"save_project","ms":15.336207999996986,"error":false}
{"status":"passed","checks":6,"out":"/Users/stars/Downloads/云山/voxel-studio/artifacts/atlas/atlas-20261003092028"}
