
> yunshan-voxel-studio@0.1.0 produce:atlas
> tsx scripts/produce-reference-atlas.ts --sheets=M012

M012/1 LIFE-192: 229992 cells, 6 parts, 1 components, 4456 ms
M012/2 LIFE-193: 211832 cells, 6 parts, 1 components, 3907 ms
M012/3 LIFE-194: 89869 cells, 5 parts, 1 components, 1647 ms
M012/4 LIFE-195: 43227 cells, 5 parts, 1 components, 723 ms
M012/5 LIFE-196: 71949 cells, 7 parts, 2 components, 1615 ms
M012/6 LIFE-197: 58418 cells, 5 parts, 1 components, 1779 ms
M012/7 LIFE-198: 933251 cells, 7 parts, 1 components, 18400 ms
M012/8 LIFE-199: 190767 cells, 8 parts, 1 components, 3546 ms
M012/9 LIFE-200: 42956 cells, 5 parts, 2 components, 996 ms
M012/10 LIFE-227: 205281 cells, 5 parts, 1 components, 2665 ms
M012/11 BUILT-003: 36920 cells, 6 parts, 1 components, 623 ms
M012/12 BUILT-007: 101498 cells, 6 parts, 1 components, 1998 ms
{
  "run": "atlas-20261003085620",
  "createdAt": "2026-10-03T08:56:20.881Z",
  "environment": {
    "cpu": "Apple M3 Pro",
    "memoryBytes": 19327352832,
    "os": "27.2.0",
    "node": "v24.19.0"
  },
  "counts": {
    "references": 793,
    "rebuiltThisRun": 12,
    "newCatalogIds": 0,
    "referenceCandidates": 144,
    "pendingReference": 649,
    "accepted": 0,
    "nativeDocuments": 13
  },
  "elapsedMs": 42819.508624999995,
  "nativeVoxels": 2215960,
  "triangles": 55342,
  "glbBoundsMaxErrorM": 9.536743172944284e-8,
  "out": "/Users/stars/Downloads/云山/voxel-studio/projects/production/atlas-20261003085620",
  "evidence": "/Users/stars/Downloads/云山/voxel-studio/artifacts/atlas/atlas-20261003085620"
}
