{
  "checks": 10,
  "coldLanternMs": 1840.9972910000001,
  "planterMs": 1192.0509590000001,
  "catalog": {
    "sourceName": "city-assets.csv",
    "total": 1068,
    "types": {
      "基础组件": 552,
      "组合模板": 209,
      "配色尺寸变体": 91,
      "材质贴图": 77,
      "动画特效": 139
    },
    "stages": {
      "planned": 1068,
      "modeling": 0,
      "review": 0,
      "accepted": 0
    },
    "sourceStatuses": {
      "已集成代码生成": 337,
      "隔离原型未集成": 16,
      "缺失待制": 692,
      "待核实": 23
    },
    "linkedEntries": 0,
    "linkedMasters": 0
  },
  "errors": []
}
