{"tool":"check_geometry","ms":21569.260125,"error":false}
{"tool":"query_voxels","ms":23.02062499999738,"error":false}
{"tool":"query_voxels","ms":27.797417000001587,"error":false}
{"tool":"query_voxels","ms":15.86883300000045,"error":false}
{"tool":"query_voxels","ms":14.560208999995666,"error":false}
{"tool":"edit_transaction","ms":1554.1332089999996,"error":false}
{"tool":"edit_transaction","ms":2704.945749999999,"error":false}
{"tool":"edit_transaction","ms":23.92108300000109,"error":false}
{"tool":"edit_transaction","ms":11.225083000004815,"error":true}
{"tool":"edit_transaction","ms":515.7710829999996,"error":true}
{"tool":"edit_transaction","ms":2086.2791249999937,"error":false}
{"tool":"load_project","ms":482.5119169999962,"error":false}
{"tool":"edit_transaction","ms":1481.633624999995,"error":false}
{"tool":"edit_transaction","ms":1498.7768339999966,"error":false}
{"tool":"check_geometry","ms":3109.724792000001,"error":false}
{"tool":"save_project","ms":54.482624999996915,"error":false}
{"tool":"export_project","ms":2688.566875000004,"error":false}
{"tool":"generate_previews","ms":6590.453708000001,"error":false}
{"tool":"edit_transaction","ms":38.43708400000469,"error":true}
{"tool":"load_project","ms":220.14999999999418,"error":false}
{"tool":"edit_transaction","ms":828.4140409999964,"error":false}
{"tool":"edit_transaction","ms":899.7701669999951,"error":false}
{"tool":"check_geometry","ms":1512.9744999999966,"error":false}
{"tool":"save_project","ms":30.007540999999037,"error":false}
{"tool":"export_project","ms":1343.0033330000006,"error":false}
{"tool":"generate_previews","ms":3765.0626670000056,"error":false}
{"tool":"save_project","ms":20.581583000006503,"error":false}
{"status":"passed","checks":6,"out":"/Users/stars/Downloads/云山/voxel-studio/artifacts/atlas/atlas-20261003120646"}
