
> yunshan-voxel-studio@0.1.0 preview:atlas
> tsx scripts/preview-reference-atlas.ts --reuse=atlas-20261003104805 --metal

REUSED VERIFIED LIFE-008
REUSED VERIFIED LIFE-009
REUSED VERIFIED LIFE-019
REUSED VERIFIED LIFE-020
REUSED VERIFIED LIFE-023
REUSED VERIFIED LIFE-024
REUSED VERIFIED LIFE-025
REUSED VERIFIED LIFE-026
REUSED VERIFIED LIFE-027
REUSED VERIFIED LIFE-028
REUSED VERIFIED LIFE-029
REUSED VERIFIED LIFE-030
REUSED VERIFIED LIFE-031
REUSED VERIFIED LIFE-032
REUSED VERIFIED LIFE-037
REUSED VERIFIED LIFE-038
REUSED VERIFIED LIFE-039
REUSED VERIFIED LIFE-040
REUSED VERIFIED LIFE-041
REUSED VERIFIED LIFE-042
REUSED VERIFIED LIFE-043
REUSED VERIFIED LIFE-044
REUSED VERIFIED LIFE-045
REUSED VERIFIED LIFE-046
REUSED VERIFIED LIFE-047
REUSED VERIFIED LIFE-048
REUSED VERIFIED LIFE-049
REUSED VERIFIED LIFE-050
REUSED VERIFIED LIFE-051
REUSED VERIFIED LIFE-052
REUSED VERIFIED LIFE-053
REUSED VERIFIED LIFE-054
REUSED VERIFIED LIFE-055
REUSED VERIFIED LIFE-056
REUSED VERIFIED LIFE-057
REUSED VERIFIED LIFE-064
REUSED VERIFIED LIFE-065
REUSED VERIFIED LIFE-066
REUSED VERIFIED LIFE-067
REUSED VERIFIED LIFE-068
REUSED VERIFIED LIFE-069
REUSED VERIFIED LIFE-070
REUSED VERIFIED LIFE-071
REUSED VERIFIED LIFE-072
REUSED VERIFIED LIFE-073
REUSED VERIFIED LIFE-074
REUSED VERIFIED LIFE-075
REUSED VERIFIED LIFE-076
REUSED VERIFIED LIFE-077
REUSED VERIFIED LIFE-078
REUSED VERIFIED LIFE-079
REUSED VERIFIED LIFE-080
REUSED VERIFIED LIFE-081
REUSED VERIFIED LIFE-082
REUSED VERIFIED LIFE-083
REUSED VERIFIED LIFE-084
REUSED VERIFIED LIFE-085
REUSED VERIFIED LIFE-086
REUSED VERIFIED LIFE-087
REUSED VERIFIED LIFE-088
REUSED VERIFIED LIFE-089
REUSED VERIFIED LIFE-090
REUSED VERIFIED LIFE-091
REUSED VERIFIED LIFE-092
REUSED VERIFIED LIFE-093
REUSED VERIFIED LIFE-094
REUSED VERIFIED LIFE-095
REUSED VERIFIED LIFE-096
REUSED VERIFIED LIFE-106
REUSED VERIFIED LIFE-107
REUSED VERIFIED LIFE-109
REUSED VERIFIED LIFE-110
REUSED VERIFIED LIFE-111
REUSED VERIFIED LIFE-112
REUSED VERIFIED LIFE-113
REUSED VERIFIED LIFE-114
REUSED VERIFIED LIFE-115
REUSED VERIFIED LIFE-116
REUSED VERIFIED LIFE-117
REUSED VERIFIED LIFE-118
REUSED VERIFIED LIFE-119
REUSED VERIFIED LIFE-120
REUSED VERIFIED LIFE-121
REUSED VERIFIED LIFE-122
REUSED VERIFIED LIFE-123
REUSED VERIFIED LIFE-124
REUSED VERIFIED LIFE-125
REUSED VERIFIED LIFE-126
REUSED VERIFIED LIFE-127
REUSED VERIFIED LIFE-140
REUSED VERIFIED LIFE-141
REUSED VERIFIED LIFE-142
REUSED VERIFIED LIFE-143
REUSED VERIFIED LIFE-144
REUSED VERIFIED LIFE-145
REUSED VERIFIED LIFE-146
REUSED VERIFIED LIFE-147
REUSED VERIFIED LIFE-148
REUSED VERIFIED LIFE-149
REUSED VERIFIED LIFE-150
REUSED VERIFIED LIFE-151
REUSED VERIFIED LIFE-152
REUSED VERIFIED LIFE-153
REUSED VERIFIED LIFE-154
REUSED VERIFIED LIFE-155
REUSED VERIFIED LIFE-156
REUSED VERIFIED LIFE-157
REUSED VERIFIED LIFE-158
REUSED VERIFIED LIFE-159
REUSED VERIFIED LIFE-169
REUSED VERIFIED LIFE-170
REUSED VERIFIED LIFE-171
REUSED VERIFIED LIFE-172
REUSED VERIFIED LIFE-173
REUSED VERIFIED LIFE-174
REUSED VERIFIED LIFE-175
REUSED VERIFIED LIFE-176
REUSED VERIFIED LIFE-177
REUSED VERIFIED LIFE-178
REUSED VERIFIED LIFE-179
REUSED VERIFIED LIFE-180
REUSED VERIFIED LIFE-181
REUSED VERIFIED LIFE-182
REUSED VERIFIED LIFE-183
REUSED VERIFIED LIFE-184
REUSED VERIFIED LIFE-185
REUSED VERIFIED LIFE-186
REUSED VERIFIED LIFE-187
REUSED VERIFIED LIFE-188
REUSED VERIFIED LIFE-189
REUSED VERIFIED LIFE-190
REUSED VERIFIED LIFE-191
REUSED VERIFIED LIFE-192
REUSED VERIFIED LIFE-193
REUSED VERIFIED LIFE-194
REUSED VERIFIED LIFE-195
REUSED VERIFIED LIFE-196
REUSED VERIFIED LIFE-197
REUSED VERIFIED LIFE-198
REUSED VERIFIED LIFE-199
REUSED VERIFIED LIFE-200
REUSED VERIFIED LIFE-227
REUSED VERIFIED BUILT-003
REUSED VERIFIED BUILT-007
REUSED VERIFIED BUILT-008
REUSED VERIFIED BUILT-009
REUSED VERIFIED BUILT-010
REUSED VERIFIED BUILT-011
REUSED VERIFIED BUILT-012
REUSED VERIFIED BUILT-013
REUSED VERIFIED BUILT-014
REUSED VERIFIED BUILT-015
REUSED VERIFIED BUILT-016
REUSED VERIFIED BUILT-017
REUSED VERIFIED BUILT-018
REUSED VERIFIED BUILT-045
CAPTURED BUILT-053
CAPTURED BUILT-054
CAPTURED BUILT-055
CAPTURED BUILT-056
CAPTURED BUILT-057
CAPTURED BUILT-058
CAPTURED BUILT-059
CAPTURED BUILT-060
CAPTURED BUILT-061
CAPTURED BUILT-062
CAPTURED BUILT-063
CAPTURED BUILT-064
{"images":446,"errors":[],"out":"/Users/stars/Downloads/云山/voxel-studio/artifacts/atlas/atlas-20261003115837"}
