
> yunshan-voxel-studio@0.1.0 produce:atlas
> tsx scripts/produce-reference-atlas.ts --sheets=M014

M014/1 BUILT-053: 33608 cells, 5 parts, 1 components, 922 ms
M014/2 BUILT-054: 20056 cells, 6 parts, 1 components, 464 ms
M014/3 BUILT-055: 638122 cells, 6 parts, 1 components, 7610 ms
M014/4 BUILT-056: 437481 cells, 5 parts, 1 components, 5704 ms
M014/5 BUILT-057: 103418 cells, 7 parts, 1 components, 1664 ms
M014/6 BUILT-058: 386556 cells, 6 parts, 1 components, 5160 ms
M014/7 BUILT-059: 224990 cells, 5 parts, 1 components, 2569 ms
M014/8 BUILT-060: 197390 cells, 6 parts, 1 components, 3255 ms
M014/9 BUILT-061: 52868 cells, 4 parts, 1 components, 750 ms
M014/10 BUILT-062: 328628 cells, 5 parts, 1 components, 4047 ms
M014/11 BUILT-063: 25556 cells, 5 parts, 1 components, 497 ms
M014/12 BUILT-064: 162394 cells, 6 parts, 1 components, 3807 ms
{
  "run": "atlas-20261003120646",
  "createdAt": "2026-10-03T12:06:46.467Z",
  "environment": {
    "cpu": "Apple M3 Pro",
    "memoryBytes": 19327352832,
    "os": "27.2.0",
    "node": "v24.19.0"
  },
  "counts": {
    "references": 793,
    "rebuiltThisRun": 12,
    "newCatalogIds": 0,
    "referenceCandidates": 168,
    "pendingReference": 625,
    "accepted": 0,
    "nativeDocuments": 13
  },
  "elapsedMs": 37139.938375,
  "nativeVoxels": 2611067,
  "triangles": 40978,
  "glbBoundsMaxErrorM": 1.9073486345888568e-7,
  "out": "/Users/stars/Downloads/云山/voxel-studio/projects/production/atlas-20261003120646",
  "evidence": "/Users/stars/Downloads/云山/voxel-studio/artifacts/atlas/atlas-20261003120646"
}
