
> yunshan-voxel-studio@0.1.0 verify:atlas
> tsx scripts/verify-reference-atlas.ts

{"tool":"read_reference_atlas","elapsedMs":36.10833400000001,"isError":false}
{"tool":"read_reference_atlas","elapsedMs":8.560833000000002,"isError":false}
{"tool":"read_reference_atlas","elapsedMs":7.717458000000079,"isError":false}
{"tool":"read_reference_atlas","elapsedMs":9.688124999999673,"isError":false}
{"tool":"read_reference_atlas","elapsedMs":8.944167000000107,"isError":false}
{"tool":"read_reference_atlas","elapsedMs":7.643082999999933,"isError":false}
{"tool":"read_reference_atlas","elapsedMs":7.120708999999806,"isError":false}
{"tool":"read_reference_atlas","elapsedMs":6.46054200000026,"isError":false}
{"tool":"read_reference_atlas","elapsedMs":6.018875000000207,"isError":false}
{"tool":"read_reference_atlas","elapsedMs":3.4609159999999974,"isError":true}
{"tool":"read_production_library","elapsedMs":6.123790999999983,"isError":false}
{"tool":"edit_transaction","elapsedMs":6430.101625,"isError":false}
{"tool":"edit_transaction","elapsedMs":6488.477041999999,"isError":false}
{"uiSync":{"version":1,"elapsedMs":3536.4400830000013}}
{"tool":"query_voxels","elapsedMs":32.748875000001135,"isError":false}
{"tool":"check_geometry","elapsedMs":1649.6302499999983,"isError":false}
{"tool":"edit_transaction","elapsedMs":56.1205839999966,"isError":false}
{"tool":"edit_transaction","elapsedMs":29.286707999999635,"isError":true}
{"tool":"query_voxels","elapsedMs":4.813542000003508,"isError":false}
{"tool":"query_voxels","elapsedMs":6.192250000000058,"isError":false}
{"tool":"export_project","elapsedMs":304.9794580000016,"isError":false}
{"tool":"query_voxels","elapsedMs":14.753040999996301,"isError":false}
{"tool":"query_voxels","elapsedMs":20.0112500000032,"isError":false}
{"tool":"query_voxels","elapsedMs":13.190957999999227,"isError":false}
{"tool":"query_voxels","elapsedMs":8.653083999997762,"isError":false}
{"tool":"query_voxels","elapsedMs":14.019874999998137,"isError":false}
{"tool":"query_voxels","elapsedMs":13.18525000000227,"isError":false}
{"tool":"export_project","elapsedMs":1628.510666999995,"isError":false}
{"tool":"edit_transaction","elapsedMs":137.09612500000367,"isError":true}
{"tool":"edit_transaction","elapsedMs":2827.903833000004,"isError":false}
{"uiSync":{"version":2,"elapsedMs":803.2281669999938}}
{"tool":"load_project","elapsedMs":452.33804199999577,"isError":false}
{"uiSync":{"version":3,"elapsedMs":969.4327920000069}}
{"tool":"check_geometry","elapsedMs":2146.9304579999953,"isError":false}
{"tool":"load_project","elapsedMs":948.8339580000029,"isError":false}
{"uiSync":{"version":4,"elapsedMs":647.6180419999946}}
{"tool":"check_geometry","elapsedMs":5241.201000000001,"isError":false}
{"tool":"query_materials_interfaces","elapsedMs":6.61475000000064,"isError":false}
{"tool":"query_materials_interfaces","elapsedMs":4.143458999998984,"isError":false}
{"tool":"edit_transaction","elapsedMs":518.7202079999988,"isError":false}
{"tool":"edit_transaction","elapsedMs":1473.7134170000063,"isError":false}
{"uiSync":{"version":5,"elapsedMs":1261.8952500000014}}
{"tool":"edit_transaction","elapsedMs":1199.4784589999908,"isError":false}
{"uiSync":{"version":6,"elapsedMs":81198.418083}}
{"tool":"load_project","elapsedMs":1434.1006670000206,"isError":false}
{"uiSync":{"version":7,"elapsedMs":89364.980292}}
{"tool":"check_geometry","elapsedMs":8589.327667000005,"isError":false}
{"tool":"query_materials_interfaces","elapsedMs":5.904041000001598,"isError":false}
{"tool":"query_voxels","elapsedMs":8.863249999994878,"isError":false}
{"tool":"edit_transaction","elapsedMs":621.1562499999709,"isError":false}
{"tool":"edit_transaction","elapsedMs":1521.2841669999762,"isError":false}
{"uiSync":{"version":8,"elapsedMs":86857.706167}}
{"tool":"edit_transaction","elapsedMs":1404.262624999974,"isError":false}
node:internal/modules/run_main:107
    triggerUncaughtException(
    ^

page.evaluate: Target page, context or browser has been closed
    at sync (/Users/stars/Downloads/云山/voxel-studio/scripts/verify-reference-atlas.ts:30:746)
    at async <anonymous> (/Users/stars/Downloads/云山/voxel-studio/scripts/verify-reference-atlas.ts:64:474) {
  log: []
}

Node.js v24.19.0
