
> yunshan-voxel-studio@0.1.0 verify:atlas
> tsx scripts/verify-reference-atlas.ts

{"tool":"read_reference_atlas","elapsedMs":100.25362499999983,"isError":false}
{"tool":"read_reference_atlas","elapsedMs":20.398959000000104,"isError":false}
{"tool":"read_reference_atlas","elapsedMs":14.35916700000007,"isError":false}
{"tool":"read_reference_atlas","elapsedMs":18.317583000000013,"isError":false}
{"tool":"read_reference_atlas","elapsedMs":16.716875000000073,"isError":false}
{"tool":"read_reference_atlas","elapsedMs":18.75908299999992,"isError":false}
{"tool":"read_reference_atlas","elapsedMs":14.800750000000335,"isError":false}
{"tool":"read_reference_atlas","elapsedMs":17.08954100000028,"isError":false}
{"tool":"read_reference_atlas","elapsedMs":14.177749999999833,"isError":false}
{"tool":"read_reference_atlas","elapsedMs":11.287958999999319,"isError":true}
{"tool":"read_production_library","elapsedMs":52.177041999999346,"isError":false}
{"tool":"edit_transaction","elapsedMs":9671.363667,"isError":false}
{"tool":"edit_transaction","elapsedMs":8357.235583999998,"isError":false}
{"uiSync":{"version":1,"elapsedMs":6162.499416999999}}
{"tool":"query_voxels","elapsedMs":27.90849999999773,"isError":false}
{"tool":"check_geometry","elapsedMs":1986.6487500000003,"isError":false}
{"tool":"edit_transaction","elapsedMs":32.55687500000204,"isError":false}
{"tool":"edit_transaction","elapsedMs":23.316083999998227,"isError":true}
{"tool":"query_voxels","elapsedMs":5.623333000003186,"isError":false}
{"tool":"query_voxels","elapsedMs":4.617540999999619,"isError":false}
{"tool":"export_project","elapsedMs":740.8929579999967,"isError":false}
{"tool":"query_voxels","elapsedMs":13.191499999993539,"isError":false}
{"tool":"query_voxels","elapsedMs":13.869999999995343,"isError":false}
{"tool":"query_voxels","elapsedMs":19.949915999997756,"isError":false}
{"tool":"query_voxels","elapsedMs":12.678082999998878,"isError":false}
{"tool":"query_voxels","elapsedMs":13.900916999999026,"isError":false}
{"tool":"query_voxels","elapsedMs":10.336083000001963,"isError":false}
{"tool":"export_project","elapsedMs":1512.9334170000002,"isError":false}
{"tool":"edit_transaction","elapsedMs":134.6191669999971,"isError":true}
{"tool":"edit_transaction","elapsedMs":2862.062582999999,"isError":false}
{"uiSync":{"version":2,"elapsedMs":821.1608750000014}}
{"tool":"load_project","elapsedMs":451.07308300000295,"isError":false}
{"uiSync":{"version":3,"elapsedMs":979.205833}}
{"tool":"check_geometry","elapsedMs":2422.683667000005,"isError":false}
{"tool":"load_project","elapsedMs":1024.5691249999945,"isError":false}
{"uiSync":{"version":4,"elapsedMs":682.1011670000007}}
{"tool":"check_geometry","elapsedMs":5288.3348750000005,"isError":false}
{"tool":"query_materials_interfaces","elapsedMs":6.553624999985914,"isError":false}
{"tool":"query_materials_interfaces","elapsedMs":4.31600000000617,"isError":false}
{"tool":"edit_transaction","elapsedMs":501.35320900000806,"isError":false}
{"tool":"edit_transaction","elapsedMs":1118.641208000001,"isError":false}
{"uiSync":{"version":5,"elapsedMs":1242.3420840000035}}
{"tool":"edit_transaction","elapsedMs":1055.2957500000048,"isError":false}
{"uiSync":{"version":6,"elapsedMs":76987.279375}}
{"tool":"load_project","elapsedMs":1437.6638749999984,"isError":false}
{"uiSync":{"version":7,"elapsedMs":83320.988541}}
{"tool":"check_geometry","elapsedMs":8379.313165999978,"isError":false}
{"tool":"query_materials_interfaces","elapsedMs":4.3332919999957085,"isError":false}
{"tool":"query_voxels","elapsedMs":12.316874999960419,"isError":false}
{"tool":"edit_transaction","elapsedMs":631.3328749999637,"isError":false}
{"tool":"edit_transaction","elapsedMs":1606.4547909999965,"isError":false}
{"uiSync":{"version":8,"elapsedMs":91092.27166700002}}
{"tool":"edit_transaction","elapsedMs":1675.8856659999583,"isError":false}
node:internal/modules/run_main:107
    triggerUncaughtException(
    ^

page.evaluate: Target page, context or browser has been closed
    at sync (/Users/stars/Downloads/云山/voxel-studio/scripts/verify-reference-atlas.ts:30:746)
    at async <anonymous> (/Users/stars/Downloads/云山/voxel-studio/scripts/verify-reference-atlas.ts:64:474) {
  log: []
}

Node.js v24.19.0
