{"tool":"check_geometry","ms":4016.2207910000006,"error":false}
{"tool":"query_voxels","ms":7.929208999999901,"error":false}
{"tool":"query_voxels","ms":6.502999999998792,"error":false}
{"tool":"query_voxels","ms":6.0162080000009155,"error":false}
{"tool":"query_voxels","ms":6.588041999999405,"error":false}
{"tool":"edit_transaction","ms":376.512917,"error":false}
{"tool":"edit_transaction","ms":627.7858329999999,"error":false}
{"tool":"edit_transaction","ms":7.480792000000292,"error":false}
{"tool":"edit_transaction","ms":8.10137500000019,"error":true}
{"tool":"edit_transaction","ms":179.6123750000006,"error":true}
{"tool":"edit_transaction","ms":610.3960420000003,"error":false}
{"tool":"load_project","ms":171.47941700000047,"error":false}
{"tool":"edit_transaction","ms":1794.1468749999985,"error":false}
{"tool":"edit_transaction","ms":1830.8952499999996,"error":false}
{"tool":"check_geometry","ms":1848.023083,"error":false}
{"tool":"save_project","ms":30.769291999997222,"error":false}
{"tool":"export_project","ms":3040.3262499999983,"error":false}
{"tool":"generate_previews","ms":5822.164500000003,"error":false}
{"tool":"load_project","ms":100.8093330000047,"error":false}
{"tool":"edit_transaction","ms":168.55983299999934,"error":false}
{"tool":"edit_transaction","ms":232.88770800000202,"error":false}
{"tool":"check_geometry","ms":229.40062500000204,"error":false}
{"tool":"save_project","ms":12.643582999997307,"error":false}
{"tool":"export_project","ms":343.0240419999973,"error":false}
{"tool":"generate_previews","ms":2353.446416999999,"error":false}
{"tool":"edit_transaction","ms":11.663583999994444,"error":true}
{"tool":"save_project","ms":14.171708000001672,"error":false}
{"status":"passed","checks":6,"out":"/Users/stars/Downloads/云山/voxel-studio/artifacts/atlas/atlas-20261003124439"}
