
> yunshan-voxel-studio@0.1.0 produce:atlas
> tsx scripts/produce-reference-atlas.ts --sheets=M015

M015/1 BUILT-065: 7772 cells, 6 parts, 1 components, 911 ms
M015/2 BUILT-066: 378162 cells, 6 parts, 1 components, 4611 ms
M015/3 BUILT-067: 98181 cells, 6 parts, 1 components, 1607 ms
M015/4 BUILT-068: 37576 cells, 6 parts, 1 components, 610 ms
M015/5 BUILT-069: 15644 cells, 6 parts, 1 components, 362 ms
M015/6 BUILT-070: 11076 cells, 6 parts, 1 components, 319 ms
M015/7 BUILT-071: 13900 cells, 7 parts, 1 components, 378 ms
M015/8 BUILT-072: 96626 cells, 6 parts, 1 components, 1463 ms
M015/9 BUILT-073: 112128 cells, 6 parts, 1 components, 1960 ms
M015/10 BUILT-074: 91916 cells, 6 parts, 1 components, 1657 ms
M015/11 BUILT-088: 211044 cells, 6 parts, 1 components, 3411 ms
M015/12 BUILT-089: 56976 cells, 6 parts, 1 components, 936 ms
{
  "run": "atlas-20261003124439",
  "createdAt": "2026-10-03T12:44:39.826Z",
  "environment": {
    "cpu": "Apple M3 Pro",
    "memoryBytes": 19327352832,
    "os": "27.2.0",
    "node": "v24.19.0"
  },
  "counts": {
    "references": 793,
    "rebuiltThisRun": 12,
    "newCatalogIds": 0,
    "referenceCandidates": 180,
    "pendingReference": 613,
    "accepted": 0,
    "nativeDocuments": 13
  },
  "elapsedMs": 18409.645834,
  "nativeVoxels": 1131001,
  "triangles": 25412,
  "glbBoundsMaxErrorM": 1.9073486345888568e-7,
  "out": "/Users/stars/Downloads/云山/voxel-studio/projects/production/atlas-20261003124439",
  "evidence": "/Users/stars/Downloads/云山/voxel-studio/artifacts/atlas/atlas-20261003124439"
}
