
> yunshan-voxel-studio@0.1.0 produce:atlas
> tsx scripts/produce-reference-atlas.ts --sheets=M015

M015/1 BUILT-065: 7772 cells, 6 parts, 1 components, 917 ms
M015/2 BUILT-066: 378162 cells, 6 parts, 1 components, 4659 ms
M015/3 BUILT-067: 98181 cells, 6 parts, 1 components, 1619 ms
M015/4 BUILT-068: 37576 cells, 6 parts, 1 components, 574 ms
M015/5 BUILT-069: 15644 cells, 6 parts, 1 components, 360 ms
M015/6 BUILT-070: 11076 cells, 6 parts, 1 components, 319 ms
M015/7 BUILT-071: 13564 cells, 6 parts, 1 components, 297 ms
M015/8 BUILT-072: 96626 cells, 6 parts, 1 components, 1430 ms
M015/9 BUILT-073: 112128 cells, 6 parts, 1 components, 1818 ms
M015/10 BUILT-074: 91916 cells, 6 parts, 1 components, 1622 ms
M015/11 BUILT-088: 211044 cells, 6 parts, 1 components, 3362 ms
M015/12 BUILT-089: 56976 cells, 6 parts, 1 components, 935 ms
{
  "run": "atlas-20261003124003",
  "createdAt": "2026-10-03T12:40:03.849Z",
  "environment": {
    "cpu": "Apple M3 Pro",
    "memoryBytes": 19327352832,
    "os": "27.2.0",
    "node": "v24.19.0"
  },
  "counts": {
    "references": 793,
    "rebuiltThisRun": 12,
    "newCatalogIds": 0,
    "referenceCandidates": 180,
    "pendingReference": 613,
    "accepted": 0,
    "nativeDocuments": 13
  },
  "elapsedMs": 18126.716333,
  "nativeVoxels": 1130665,
  "triangles": 25084,
  "glbBoundsMaxErrorM": 1.9073486345888568e-7,
  "out": "/Users/stars/Downloads/云山/voxel-studio/projects/production/atlas-20261003124003",
  "evidence": "/Users/stars/Downloads/云山/voxel-studio/artifacts/atlas/atlas-20261003124003"
}
