{"tool":"check_geometry","ms":9215.497042,"error":false}
{"tool":"query_voxels","ms":11.163249999999607,"error":false}
{"tool":"query_voxels","ms":6.463083000000552,"error":false}
{"tool":"query_voxels","ms":6.505458000001454,"error":false}
{"tool":"query_voxels","ms":16.656291000001147,"error":false}
{"tool":"query_voxels","ms":9.988083000000188,"error":false}
{"tool":"query_voxels","ms":4.813666000000012,"error":false}
{"tool":"query_voxels","ms":5.3712500000001455,"error":false}
{"tool":"query_voxels","ms":4.951375000000553,"error":false}
{"tool":"edit_transaction","ms":641.0340830000005,"error":false}
{"tool":"edit_transaction","ms":1296.7662500000006,"error":false}
{"tool":"edit_transaction","ms":3.8493749999979627,"error":false}
{"tool":"edit_transaction","ms":3.76854099999764,"error":true}
{"tool":"edit_transaction","ms":302.6030830000018,"error":true}
{"tool":"edit_transaction","ms":1190.6447919999991,"error":false}
{"tool":"load_project","ms":338.55904199999713,"error":false}
{"tool":"edit_transaction","ms":4367.531375000002,"error":false}
{"tool":"edit_transaction","ms":4748.464,"error":false}
{"tool":"check_geometry","ms":8342.680416999996,"error":false}
{"tool":"save_project","ms":72.2032920000056,"error":false}
{"tool":"export_project","ms":7503.413207999998,"error":false}
{"tool":"generate_previews","ms":9359.426542000001,"error":false}
{"tool":"edit_transaction","ms":60.18308299999626,"error":true}
{"tool":"load_project","ms":250.80612499998824,"error":false}
{"tool":"edit_transaction","ms":461.55679100001,"error":false}
{"tool":"edit_transaction","ms":541.2584580000112,"error":false}
{"tool":"check_geometry","ms":832.6337919999933,"error":false}
{"tool":"save_project","ms":16.398000000001048,"error":false}
{"tool":"export_project","ms":1014.0198749999981,"error":false}
{"tool":"generate_previews","ms":3410.110833999992,"error":false}
{"tool":"load_project","ms":51.68558299999859,"error":false}
{"tool":"edit_transaction","ms":1478.4446669999888,"error":false}
{"tool":"edit_transaction","ms":1556.6972089999908,"error":false}
{"tool":"check_geometry","ms":1755.4156249999942,"error":false}
{"tool":"save_project","ms":25.7663329999923,"error":false}
{"tool":"export_project","ms":3769.4836249999935,"error":false}
{"tool":"generate_previews","ms":6450.10437500001,"error":false}
{"tool":"save_project","ms":25.20266699999047,"error":false}
{"status":"passed","checks":8,"out":"/Users/stars/Downloads/云山/voxel-studio/artifacts/atlas/atlas-20261003132803"}
