
> yunshan-voxel-studio@0.1.0 produce:atlas
> tsx scripts/produce-reference-atlas.ts --sheets=M016

M016/1 BUILT-090: 177624 cells, 7 parts, 1 components, 8727 ms
M016/2 BUILT-091: 753532 cells, 6 parts, 1 components, 29914 ms
M016/3 BUILT-094: 215268 cells, 6 parts, 1 components, 14646 ms
M016/4 BUILT-095: 339692 cells, 7 parts, 1 components, 9213 ms
M016/5 BUILT-096: 270540 cells, 6 parts, 1 components, 4438 ms
M016/6 BUILT-097: 30546 cells, 6 parts, 1 components, 669 ms
M016/7 BUILT-098: 138515 cells, 6 parts, 1 components, 2308 ms
M016/8 BUILT-099: 150206 cells, 6 parts, 2 components, 3111 ms
M016/9 BUILT-100: 15344 cells, 6 parts, 1 components, 407 ms
M016/10 BUILT-101: 13714 cells, 6 parts, 1 components, 300 ms
M016/11 BUILT-102: 78750 cells, 7 parts, 1 components, 1517 ms
M016/12 BUILT-103: 234828 cells, 6 parts, 1 components, 5724 ms
{
  "run": "atlas-20261003132803",
  "createdAt": "2026-10-03T13:28:03.929Z",
  "environment": {
    "cpu": "Apple M3 Pro",
    "memoryBytes": 19327352832,
    "os": "27.2.0",
    "node": "v24.19.0"
  },
  "counts": {
    "references": 793,
    "rebuiltThisRun": 12,
    "newCatalogIds": 0,
    "referenceCandidates": 192,
    "pendingReference": 601,
    "accepted": 0,
    "nativeDocuments": 13
  },
  "elapsedMs": 81509.966916,
  "nativeVoxels": 2418559,
  "triangles": 157496,
  "glbBoundsMaxErrorM": 0.0000030517578011313162,
  "out": "/Users/stars/Downloads/云山/voxel-studio/projects/production/atlas-20261003132803",
  "evidence": "/Users/stars/Downloads/云山/voxel-studio/artifacts/atlas/atlas-20261003132803"
}
