
> yunshan-voxel-studio@0.1.0 produce:atlas
> tsx scripts/produce-reference-atlas.ts --sheets=M010

M010/1 LIFE-159: 299351 cells, 9 parts, 1 components, 7745 ms
M010/2 LIFE-169: 68021 cells, 5 parts, 1 components, 3212 ms
M010/3 LIFE-170: 65283 cells, 5 parts, 1 components, 3568 ms
M010/4 LIFE-171: 133019 cells, 6 parts, 1 components, 5021 ms
M010/5 LIFE-172: 258801 cells, 7 parts, 1 components, 10517 ms
M010/6 LIFE-173: 112740 cells, 4 parts, 1 components, 3073 ms
M010/7 LIFE-174: 82199 cells, 5 parts, 1 components, 2666 ms
M010/8 LIFE-175: 115351 cells, 5 parts, 1 components, 3884 ms
M010/9 LIFE-176: 47625 cells, 5 parts, 1 components, 1573 ms
M010/10 LIFE-177: 353262 cells, 6 parts, 1 components, 7619 ms
M010/11 LIFE-178: 98725 cells, 5 parts, 1 components, 2429 ms
M010/12 LIFE-179: 52437 cells, 6 parts, 3 components, 1178 ms
{
  "run": "atlas-20261003072623",
  "createdAt": "2026-10-03T07:26:23.072Z",
  "environment": {
    "cpu": "Apple M3 Pro",
    "memoryBytes": 19327352832,
    "os": "27.2.0",
    "node": "v24.19.0"
  },
  "counts": {
    "references": 793,
    "rebuiltThisRun": 12,
    "newCatalogIds": 0,
    "referenceCandidates": 120,
    "pendingReference": 673,
    "accepted": 0,
    "nativeDocuments": 13
  },
  "elapsedMs": 52879.225249999996,
  "nativeVoxels": 1686814,
  "triangles": 73498,
  "glbBoundsMaxErrorM": 5.7220459037665705e-8,
  "out": "/Users/stars/Downloads/云山/voxel-studio/projects/production/atlas-20261003072623",
  "evidence": "/Users/stars/Downloads/云山/voxel-studio/artifacts/atlas/atlas-20261003072623"
}
